[2026-07-21T22:20:38.736Z] HIDDEN on right. newX=1780, bounds={"x":1780,"y":261,"width":400,"height":600}, cursor={"x":1919,"y":704}
[2026-07-21T22:20:39.306Z] MOUSE LEFT BOUNDS. point={"x":1762,"y":774}, bounds={"x":1780,"y":261,"width":400,"height":600}
[2026-07-21T22:20:42.169Z] RESTORED. point={"x":1919,"y":717}, bounds={"x":1780,"y":261,"width":400,"height":600}
[2026-07-21T22:20:43.905Z] HIDDEN on right. newX=1780, bounds={"x":1780,"y":261,"width":400,"height":600}, cursor={"x":1751,"y":726}
[2026-07-21T22:20:43.918Z] MOUSE LEFT BOUNDS. point={"x":1751,"y":726}, bounds={"x":1780,"y":261,"width":400,"height":600}
[2026-07-21T22:20:44.527Z] RESTORED. point={"x":1884,"y":741}, bounds={"x":1780,"y":261,"width":400,"height":600}
[2026-07-21T22:20:50.032Z] HIDDEN on right. newX=1780, bounds={"x":1780,"y":191,"width":400,"height":600}, cursor={"x":1854,"y":686}
[2026-07-21T22:20:52.219Z] HIDDEN on right. newX=1780, bounds={"x":1780,"y":166,"width":400,"height":600}, cursor={"x":1918,"y":683}
[2026-07-21T22:20:53.403Z] HIDDEN on right. newX=1780, bounds={"x":1780,"y":223,"width":400,"height":600}, cursor={"x":1612,"y":738}
[2026-07-21T22:20:53.404Z] MOUSE LEFT BOUNDS. point={"x":1612,"y":738}, bounds={"x":1780,"y":223,"width":400,"height":600}
[2026-07-21T22:20:53.836Z] RESTORED. point={"x":1812,"y":709}, bounds={"x":1780,"y":223,"width":400,"height":600}
[2026-07-21T22:20:54.934Z] HIDDEN on right. newX=1780, bounds={"x":1780,"y":202,"width":400,"height":600}, cursor={"x":1919,"y":685}
[2026-07-21T22:20:55.780Z] MOUSE LEFT BOUNDS. point={"x":1919,"y":803}, bounds={"x":1780,"y":202,"width":400,"height":600}
[2026-07-21T22:20:56.030Z] RESTORED. point={"x":1909,"y":785}, bounds={"x":1780,"y":202,"width":400,"height":600}
[2026-07-21T22:20:56.850Z] HIDDEN on right. newX=1780, bounds={"x":1780,"y":154,"width":400,"height":600}, cursor={"x":1919,"y":641}
[2026-07-21T22:20:57.463Z] MOUSE LEFT BOUNDS. point={"x":1837,"y":768}, bounds={"x":1780,"y":154,"width":400,"height":600}
[2026-07-21T22:20:58.766Z] RESTORED. point={"x":1834,"y":671}, bounds={"x":1780,"y":154,"width":400,"height":600}
[2026-07-21T22:23:50.990Z] HIDDEN on right. newX=1780, bounds={"x":1780,"y":283,"width":400,"height":600}, cursor={"x":1919,"y":758}
[2026-07-21T22:23:51.639Z] MOUSE LEFT BOUNDS. point={"x":1855,"y":825}, bounds={"x":1780,"y":283,"width":400,"height":600}
[2026-07-21T22:23:52.816Z] RESTORED. point={"x":1902,"y":724}, bounds={"x":1780,"y":283,"width":400,"height":600}
[2026-07-21T22:23:55.526Z] HIDDEN on right. newX=1780, bounds={"x":1780,"y":-67,"width":400,"height":600}, cursor={"x":1919,"y":420}
[2026-07-21T22:23:55.988Z] MOUSE LEFT BOUNDS. point={"x":1887,"y":498}, bounds={"x":1780,"y":-67,"width":400,"height":600}
[2026-07-21T22:23:57.359Z] RESTORED. point={"x":1910,"y":520}, bounds={"x":1780,"y":-67,"width":400,"height":600}
[2026-07-21T22:24:00.909Z] HIDDEN on right. newX=1780, bounds={"x":1780,"y":306,"width":400,"height":600}, cursor={"x":1919,"y":790}
[2026-07-21T22:24:01.104Z] MOUSE LEFT BOUNDS. point={"x":1615,"y":797}, bounds={"x":1780,"y":306,"width":400,"height":600}
[2026-07-21T22:24:01.862Z] RESTORED. point={"x":1915,"y":775}, bounds={"x":1780,"y":306,"width":400,"height":600}
[2026-07-21T22:24:03.650Z] HIDDEN on right. newX=1780, bounds={"x":1780,"y":-417,"width":400,"height":600}, cursor={"x":1919,"y":62}
[2026-07-21T22:24:03.863Z] HIDDEN on right. newX=1780, bounds={"x":1780,"y":-410,"width":400,"height":600}, cursor={"x":1919,"y":70}
[2026-07-21T22:24:07.210Z] HIDDEN on right. newX=1780, bounds={"x":1780,"y":266,"width":400,"height":600}, cursor={"x":1919,"y":756}
[2026-07-21T22:24:07.741Z] MOUSE LEFT BOUNDS. point={"x":1777,"y":799}, bounds={"x":1780,"y":266,"width":400,"height":600}
[2026-07-21T22:24:08.676Z] RESTORED. point={"x":1911,"y":718}, bounds={"x":1780,"y":266,"width":400,"height":600}
[2026-07-21T22:32:35.245Z] HIDDEN on right. newX=1780, bounds={"x":1780,"y":182,"width":400,"height":600}, cursor={"x":1919,"y":662}
[2026-07-21T22:32:38.236Z] HIDDEN on right. newX=1780, bounds={"x":1780,"y":185,"width":400,"height":600}, cursor={"x":1651,"y":598}
[2026-07-21T22:32:43.252Z] HIDDEN on right. newX=1780, bounds={"x":1780,"y":-501,"width":400,"height":600}, cursor={"x":1220,"y":0}
[2026-07-21T22:32:45.908Z] HIDDEN on right. newX=1780, bounds={"x":1780,"y":-6,"width":400,"height":600}, cursor={"x":1897,"y":506}
[2026-07-21T22:32:47.118Z] HIDDEN on right. newX=1780, bounds={"x":1780,"y":-4,"width":400,"height":600}, cursor={"x":1897,"y":520}
[2026-07-21T22:32:48.704Z] HIDDEN on right. newX=1780, bounds={"x":1780,"y":30,"width":400,"height":600}, cursor={"x":1788,"y":552}
[2026-07-21T22:32:49.306Z] HIDDEN on right. newX=1780, bounds={"x":1780,"y":30,"width":400,"height":600}, cursor={"x":1904,"y":513}
[2026-07-21T22:32:50.839Z] HIDDEN on right. newX=1780, bounds={"x":1780,"y":85,"width":400,"height":600}, cursor={"x":1716,"y":569}
[2026-07-21T22:33:00.282Z] HIDDEN on right. newX=1780, bounds={"x":1780,"y":238,"width":400,"height":600}, cursor={"x":1919,"y":720}
[2026-07-21T22:34:41.086Z] HIDDEN on right. newX=1780, bounds={"x":1780,"y":260,"width":400,"height":600}, cursor={"x":1638,"y":712}
[2026-07-21T22:38:09.425Z] HIDDEN on right. newX=1780, bounds={"x":1780,"y":207,"width":400,"height":600}, cursor={"x":1919,"y":631}
[2026-07-21T22:38:13.528Z] HIDDEN on right. newX=1780, bounds={"x":1780,"y":136,"width":400,"height":600}, cursor={"x":1919,"y":627}
[2026-07-21T22:38:26.583Z] HIDDEN on left. newX=-260, bounds={"x":-260,"y":-25,"width":400,"height":600}, cursor={"x":0,"y":386}
[2026-07-21T22:38:28.407Z] HIDDEN on right. newX=1780, bounds={"x":1780,"y":166,"width":400,"height":600}, cursor={"x":1919,"y":598}
[2026-07-21T22:38:45.923Z] HIDDEN on right. newX=1780, bounds={"x":1780,"y":166,"width":400,"height":600}, cursor={"x":1781,"y":466}
[2026-07-21T22:41:46.312Z] HIDDEN on right. newX=1780, bounds={"x":1780,"y":268,"width":400,"height":600}, cursor={"x":1919,"y":764}
[2026-07-21T22:44:03.910Z] HIDDEN on right. newX=1780, bounds={"x":1780,"y":268,"width":400,"height":600}, cursor={"x":1919,"y":665}
[2026-07-21T22:44:46.155Z] HIDDEN on right. newX=1780, bounds={"x":1780,"y":223,"width":400,"height":600}, cursor={"x":1919,"y":686}
[2026-07-21T22:44:50.442Z] HIDDEN on left. newX=-260, bounds={"x":-260,"y":196,"width":400,"height":600}, cursor={"x":0,"y":621}
[2026-07-21T22:44:52.807Z] HIDDEN on right. newX=1780, bounds={"x":1780,"y":127,"width":400,"height":600}, cursor={"x":1919,"y":566}
[2026-07-21T22:45:00.533Z] HIDDEN on right. newX=1780, bounds={"x":1780,"y":127,"width":400,"height":600}, cursor={"x":1895,"y":579}
[2026-07-21T22:45:03.461Z] HIDDEN on right. newX=1780, bounds={"x":1780,"y":169,"width":400,"height":600}, cursor={"x":1919,"y":621}
[2026-07-21T22:45:21.092Z] HIDDEN on right. newX=1780, bounds={"x":1780,"y":169,"width":400,"height":600}, cursor={"x":1900,"y":613}
[2026-07-21T22:45:24.364Z] HIDDEN on right. newX=1780, bounds={"x":1780,"y":-487,"width":400,"height":600}, cursor={"x":1255,"y":0}
[2026-07-21T22:45:27.514Z] HIDDEN on right. newX=1780, bounds={"x":1780,"y":-313,"width":400,"height":600}, cursor={"x":1892,"y":183}
[2026-07-21T22:45:29.036Z] HIDDEN on right. newX=1780, bounds={"x":1780,"y":-253,"width":400,"height":600}, cursor={"x":1888,"y":243}
[2026-07-21T22:45:31.174Z] HIDDEN on left. newX=-260, bounds={"x":-260,"y":-251,"width":400,"height":600}, cursor={"x":0,"y":236}
[2026-07-21T22:45:32.683Z] HIDDEN on left. newX=-260, bounds={"x":-260,"y":-375,"width":400,"height":600}, cursor={"x":0,"y":88}
[2026-07-21T22:45:34.588Z] HIDDEN on left. newX=-260, bounds={"x":-260,"y":-36,"width":400,"height":600}, cursor={"x":74,"y":414}
[2026-07-21T22:45:42.700Z] HIDDEN on right. newX=1780, bounds={"x":1780,"y":140,"width":400,"height":600}, cursor={"x":1919,"y":594}
[2026-07-21T22:46:04.065Z] HIDDEN on right. newX=1780, bounds={"x":1780,"y":414,"width":400,"height":600}, cursor={"x":1866,"y":834}
[2026-07-21T22:46:08.154Z] HIDDEN on left. newX=-260, bounds={"x":-260,"y":75,"width":400,"height":600}, cursor={"x":0,"y":508}
[2026-07-21T22:46:13.009Z] HIDDEN on right. newX=1780, bounds={"x":1780,"y":89,"width":400,"height":600}, cursor={"x":1919,"y":527}
[2026-07-21T22:50:16.987Z] HIDDEN on right. newX=1780, bounds={"x":1780,"y":89,"width":400,"height":600}, cursor={"x":1897,"y":511}
[2026-07-21T22:50:19.773Z] HIDDEN on right. newX=1780, bounds={"x":1780,"y":124,"width":400,"height":600}, cursor={"x":1919,"y":560}
[2026-07-22T08:08:52.304Z] HIDDEN on right. newX=1780, bounds={"x":1780,"y":124,"width":400,"height":600}, cursor={"x":1876,"y":581}
[2026-07-22T08:09:40.430Z] HIDDEN on right. newX=1780, bounds={"x":1780,"y":-63,"width":400,"height":600}, cursor={"x":1919,"y":438}
[2026-07-22T08:12:23.198Z] HIDDEN on right. newX=1780, bounds={"x":1780,"y":-63,"width":400,"height":600}, cursor={"x":1855,"y":347}
[2026-07-22T10:23:14.697Z] HIDDEN on right. newX=1780, bounds={"x":1780,"y":-2,"width":400,"height":600}, cursor={"x":1878,"y":482}
[2026-07-22T10:23:15.335Z] HIDDEN on right. newX=1780, bounds={"x":1780,"y":-2,"width":400,"height":600}, cursor={"x":1878,"y":482}
[2026-07-22T10:23:16.586Z] HIDDEN on right. newX=1780, bounds={"x":1780,"y":-2,"width":400,"height":600}, cursor={"x":1878,"y":482}
[2026-07-22T10:23:25.374Z] HIDDEN on right. newX=1780, bounds={"x":1780,"y":177,"width":400,"height":600}, cursor={"x":1919,"y":661}
[2026-07-22T10:42:39.393Z] HIDDEN on right. newX=1780, bounds={"x":1780,"y":177,"width":400,"height":600}, cursor={"x":1876,"y":614}
[2026-07-22T10:43:50.050Z] HIDDEN on right. newX=1780, bounds={"x":1780,"y":190,"width":400,"height":600}, cursor={"x":1919,"y":634}
[2026-07-22T12:38:17.442Z] HIDDEN on right. newX=1780, bounds={"x":1780,"y":190,"width":400,"height":600}, cursor={"x":1919,"y":585}
[2026-07-22T13:04:29.848Z] HIDDEN on right. newX=1780, bounds={"x":1780,"y":34,"width":400,"height":600}, cursor={"x":1382,"y":541}
[2026-07-22T13:04:31.166Z] HIDDEN on right. newX=1780, bounds={"x":1780,"y":34,"width":400,"height":600}, cursor={"x":1883,"y":454}
[2026-07-22T13:04:35.491Z] HIDDEN on right. newX=1780, bounds={"x":1780,"y":-84,"width":400,"height":600}, cursor={"x":1327,"y":409}
[2026-07-22T13:04:37.074Z] HIDDEN on right. newX=1780, bounds={"x":1780,"y":-82,"width":400,"height":600}, cursor={"x":1880,"y":329}
[2026-07-22T13:04:38.460Z] HIDDEN on left. newX=-260, bounds={"x":-260,"y":39,"width":400,"height":600}, cursor={"x":571,"y":455}
[2026-07-22T13:04:39.945Z] HIDDEN on left. newX=-260, bounds={"x":-260,"y":-64,"width":400,"height":600}, cursor={"x":726,"y":395}
[2026-07-22T13:04:40.937Z] HIDDEN on left. newX=-260, bounds={"x":-260,"y":-64,"width":400,"height":600}, cursor={"x":32,"y":411}
[2026-07-22T13:04:42.162Z] HIDDEN on left. newX=-260, bounds={"x":-260,"y":-83,"width":400,"height":600}, cursor={"x":727,"y":390}
[2026-07-22T13:04:43.121Z] HIDDEN on left. newX=-260, bounds={"x":-260,"y":-83,"width":400,"height":600}, cursor={"x":6,"y":387}
[2026-07-22T13:05:14.422Z] HIDDEN on right. newX=1780, bounds={"x":1780,"y":-51,"width":400,"height":600}, cursor={"x":1547,"y":399}
[2026-07-22T13:05:15.782Z] HIDDEN on right. newX=1780, bounds={"x":1780,"y":-51,"width":400,"height":600}, cursor={"x":1873,"y":383}
[2026-07-22T13:21:47.644Z] HIDDEN on right. newX=1780, bounds={"x":1780,"y":25,"width":400,"height":600}, cursor={"x":1516,"y":496}
[2026-07-22T13:21:49.145Z] HIDDEN on right. newX=1780, bounds={"x":1780,"y":25,"width":400,"height":600}, cursor={"x":1895,"y":487}
[2026-07-22T13:21:53.124Z] HIDDEN on right. newX=1780, bounds={"x":1780,"y":1,"width":400,"height":600}, cursor={"x":1269,"y":494}
[2026-07-22T13:21:55.193Z] HIDDEN on right. newX=1780, bounds={"x":1780,"y":1,"width":400,"height":600}, cursor={"x":1906,"y":494}
[2026-07-22T13:22:00.171Z] HIDDEN on right. newX=1780, bounds={"x":1780,"y":-169,"width":400,"height":600}, cursor={"x":1397,"y":320}
[2026-07-22T13:36:47.859Z] HIDDEN on left. newX=-260, bounds={"x":-260,"y":-224,"width":400,"height":600}, cursor={"x":879,"y":206}
[2026-07-22T13:36:52.956Z] HIDDEN on left. newX=-260, bounds={"x":-260,"y":-187,"width":400,"height":600}, cursor={"x":829,"y":334}
[2026-07-22T13:36:56.245Z] HIDDEN on left. newX=-260, bounds={"x":-260,"y":-291,"width":400,"height":600}, cursor={"x":319,"y":161}
[2026-07-22T13:36:59.337Z] HIDDEN on right. newX=1780, bounds={"x":1780,"y":137,"width":400,"height":600}, cursor={"x":1919,"y":636}
[2026-07-22T13:37:03.167Z] HIDDEN on right. newX=1780, bounds={"x":1780,"y":216,"width":400,"height":600}, cursor={"x":1919,"y":687}
[2026-07-22T15:25:58.715Z] HIDDEN on right. newX=1780, bounds={"x":1780,"y":216,"width":400,"height":600}, cursor={"x":1882,"y":627}
[2026-07-22T15:27:55.803Z] HIDDEN on right. newX=1780, bounds={"x":1780,"y":-230,"width":400,"height":600}, cursor={"x":1689,"y":255}
[2026-07-22T15:27:57.179Z] HIDDEN on right. newX=1780, bounds={"x":1780,"y":-232,"width":400,"height":600}, cursor={"x":1603,"y":207}
[2026-07-22T15:28:00.018Z] HIDDEN on right. newX=1780, bounds={"x":1780,"y":-216,"width":400,"height":600}, cursor={"x":1485,"y":275}
[2026-07-22T15:28:03.928Z] HIDDEN on right. newX=1780, bounds={"x":1780,"y":95,"width":400,"height":600}, cursor={"x":1764,"y":546}
[2026-07-22T15:28:06.519Z] HIDDEN on right. newX=1780, bounds={"x":1780,"y":404,"width":400,"height":600}, cursor={"x":1734,"y":888}
[2026-07-22T15:28:08.546Z] HIDDEN on right. newX=1780, bounds={"x":1780,"y":310,"width":400,"height":600}, cursor={"x":1695,"y":790}
[2026-07-22T15:36:44.941Z] HIDDEN on right. newX=1780, bounds={"x":1780,"y":285,"width":400,"height":600}, cursor={"x":1919,"y":754}
[2026-07-22T15:36:47.213Z] HIDDEN on right. newX=1780, bounds={"x":1780,"y":227,"width":400,"height":600}, cursor={"x":1828,"y":727}
[2026-07-22T15:36:48.116Z] HIDDEN on right. newX=1780, bounds={"x":1780,"y":249,"width":400,"height":600}, cursor={"x":1824,"y":727}
[2026-07-22T15:36:48.833Z] HIDDEN on right. newX=1780, bounds={"x":1780,"y":268,"width":400,"height":600}, cursor={"x":1801,"y":735}
[2026-07-22T18:07:49.031Z] HIDDEN on right. newX=1780, bounds={"x":1780,"y":-58,"width":400,"height":600}, cursor={"x":1892,"y":350}
[2026-07-22T20:00:26.856Z] HIDDEN on right. newX=1780, bounds={"x":1780,"y":94,"width":400,"height":600}, cursor={"x":1919,"y":539}
[2026-07-22T20:00:28.336Z] HIDDEN on right. newX=1780, bounds={"x":1780,"y":94,"width":400,"height":600}, cursor={"x":1896,"y":520}
[2026-07-22T20:08:58.769Z] HIDDEN on right. newX=1780, bounds={"x":1780,"y":26,"width":400,"height":600}, cursor={"x":1919,"y":479}
[2026-07-22T20:09:09.932Z] HIDDEN on right. newX=1780, bounds={"x":1780,"y":574,"width":400,"height":600}, cursor={"x":1912,"y":920}
[2026-07-22T20:09:11.647Z] HIDDEN on right. newX=1780, bounds={"x":1780,"y":393,"width":400,"height":600}, cursor={"x":1835,"y":785}
[2026-07-22T20:09:12.607Z] HIDDEN on right. newX=1780, bounds={"x":1780,"y":216,"width":400,"height":600}, cursor={"x":1822,"y":653}
[2026-07-22T20:09:13.808Z] HIDDEN on right. newX=1780, bounds={"x":1780,"y":79,"width":400,"height":600}, cursor={"x":1820,"y":523}
[2026-07-22T20:09:20.834Z] HIDDEN on right. newX=1780, bounds={"x":1780,"y":-124,"width":400,"height":600}, cursor={"x":1845,"y":309}
[2026-07-22T20:09:53.073Z] HIDDEN on right. newX=1780, bounds={"x":1780,"y":-10,"width":400,"height":600}, cursor={"x":1889,"y":402}
[2026-07-22T20:24:53.436Z] HIDDEN on right. newX=1780, bounds={"x":1780,"y":227,"width":400,"height":600}, cursor={"x":1919,"y":708}
[2026-07-23T12:23:16.287Z] HIDDEN on right. newX=1780, bounds={"x":1780,"y":227,"width":400,"height":600}, cursor={"x":1865,"y":680}
[2026-07-23T14:24:59.870Z] HIDDEN on right. newX=1780, bounds={"x":1780,"y":53,"width":400,"height":600}, cursor={"x":1919,"y":496}
[2026-07-23T18:16:26.624Z] HIDDEN on right. newX=1780, bounds={"x":1780,"y":53,"width":400,"height":600}, cursor={"x":1885,"y":470}
[2026-07-24T11:21:37.460Z] HIDDEN on right. newX=1780, bounds={"x":1780,"y":222,"width":400,"height":600}, cursor={"x":1919,"y":704}
[2026-07-24T14:12:40.329Z] HIDDEN on right. newX=1780, bounds={"x":1780,"y":222,"width":400,"height":600}, cursor={"x":1865,"y":640}
[2026-07-24T17:14:23.420Z] HIDDEN on right. newX=1780, bounds={"x":1780,"y":-10,"width":400,"height":600}, cursor={"x":1919,"y":468}
[2026-07-25T07:06:42.139Z] HIDDEN on right. newX=1780, bounds={"x":1780,"y":-10,"width":400,"height":600}, cursor={"x":1919,"y":459}
[2026-07-25T15:31:14.809Z] HIDDEN on right. newX=1780, bounds={"x":1780,"y":131,"width":400,"height":600}, cursor={"x":1919,"y":601}
[2026-07-25T15:31:15.673Z] HIDDEN on right. newX=1780, bounds={"x":1780,"y":131,"width":400,"height":600}, cursor={"x":1888,"y":569}
[2026-07-25T16:14:52.310Z] HIDDEN on right. newX=1780, bounds={"x":1780,"y":212,"width":400,"height":600}, cursor={"x":1919,"y":608}
[2026-07-26T21:11:10.021Z] HIDDEN on right. newX=1780, bounds={"x":1780,"y":3,"width":400,"height":600}, cursor={"x":1919,"y":417}
[2026-07-26T21:15:14.775Z] HIDDEN on right. newX=1780, bounds={"x":1780,"y":77,"width":400,"height":600}, cursor={"x":1919,"y":540}
[2026-07-26T21:15:31.887Z] HIDDEN on right. newX=1780, bounds={"x":1780,"y":13,"width":400,"height":600}, cursor={"x":1919,"y":497}
[2026-07-26T21:21:00.562Z] HIDDEN on right. newX=1780, bounds={"x":1780,"y":31,"width":400,"height":600}, cursor={"x":1919,"y":450}
[2026-07-26T21:27:28.004Z] HIDDEN on left. newX=-260, bounds={"x":-260,"y":44,"width":400,"height":600}, cursor={"x":0,"y":459}
[2026-07-26T21:27:58.942Z] HIDDEN on left. newX=-260, bounds={"x":-260,"y":69,"width":400,"height":600}, cursor={"x":0,"y":528}
[2026-07-26T21:28:57.567Z] HIDDEN on right. newX=1780, bounds={"x":1780,"y":54,"width":400,"height":600}, cursor={"x":1919,"y":530}
[2026-07-26T21:28:59.355Z] HIDDEN on right. newX=1780, bounds={"x":1780,"y":-158,"width":400,"height":600}, cursor={"x":1919,"y":280}
[2026-07-26T21:29:04.484Z] HIDDEN on left. newX=-260, bounds={"x":-260,"y":-55,"width":400,"height":600}, cursor={"x":0,"y":409}
[2026-07-26T21:30:13.811Z] HIDDEN on right. newX=1780, bounds={"x":1780,"y":71,"width":400,"height":600}, cursor={"x":1919,"y":526}
[2026-07-26T21:30:18.711Z] HIDDEN on left. newX=-260, bounds={"x":-260,"y":-25,"width":400,"height":600}, cursor={"x":0,"y":446}
[2026-07-26T21:32:28.921Z] HIDDEN on right. newX=1780, bounds={"x":1780,"y":94,"width":400,"height":600}, cursor={"x":1919,"y":555}
[2026-07-26T21:32:31.067Z] HIDDEN on right. newX=1780, bounds={"x":1780,"y":53,"width":400,"height":600}, cursor={"x":1919,"y":536}
[2026-07-26T21:36:24.993Z] HIDDEN on right. newX=1780, bounds={"x":1780,"y":91,"width":400,"height":600}, cursor={"x":1919,"y":538}
[2026-07-27T15:11:27.277Z] HIDDEN on right. newX=1780, bounds={"x":1780,"y":15,"width":400,"height":600}, cursor={"x":1919,"y":454}
[2026-07-27T15:59:40.290Z] HIDDEN on right. newX=1780, bounds={"x":1780,"y":18,"width":400,"height":600}, cursor={"x":1919,"y":456}
[2026-07-27T15:59:42.267Z] HIDDEN on right. newX=1780, bounds={"x":1780,"y":22,"width":400,"height":600}, cursor={"x":1919,"y":486}
[2026-07-27T15:59:44.706Z] HIDDEN on left. newX=-260, bounds={"x":-260,"y":-98,"width":400,"height":600}, cursor={"x":0,"y":368}
[2026-07-27T19:05:46.186Z] HIDDEN on right. newX=1780, bounds={"x":1780,"y":29,"width":400,"height":600}, cursor={"x":1919,"y":480}
[2026-07-28T09:26:06.688Z] HIDDEN on right. newX=1780, bounds={"x":1780,"y":189,"width":400,"height":600}, cursor={"x":1919,"y":649}
[2026-07-28T09:40:45.814Z] HIDDEN on right. newX=1780, bounds={"x":1780,"y":98,"width":400,"height":600}, cursor={"x":1919,"y":557}
[2026-07-28T12:06:25.828Z] HIDDEN on right. newX=1780, bounds={"x":1780,"y":97,"width":400,"height":600}, cursor={"x":1902,"y":511}
[2026-07-28T12:06:26.187Z] HIDDEN on right. newX=1780, bounds={"x":1780,"y":97,"width":400,"height":600}, cursor={"x":1877,"y":526}
[2026-07-28T12:06:26.728Z] HIDDEN on right. newX=1780, bounds={"x":1780,"y":97,"width":400,"height":600}, cursor={"x":1877,"y":526}
[2026-07-28T19:57:54.563Z] HIDDEN on right. newX=1780, bounds={"x":1780,"y":73,"width":400,"height":600}, cursor={"x":1919,"y":556}
[2026-07-29T06:20:04.089Z] HIDDEN on right. newX=1780, bounds={"x":1780,"y":-18,"width":400,"height":600}, cursor={"x":1919,"y":427}
[2026-07-29T11:49:43.695Z] HIDDEN on right. newX=1780, bounds={"x":1780,"y":248,"width":400,"height":600}, cursor={"x":1919,"y":725}
[2026-07-29T12:05:14.592Z] HIDDEN on right. newX=1780, bounds={"x":1780,"y":104,"width":400,"height":600}, cursor={"x":1919,"y":560}
[2026-07-29T13:04:26.946Z] HIDDEN on right. newX=1780, bounds={"x":1780,"y":108,"width":400,"height":600}, cursor={"x":1919,"y":562}
[2026-07-29T13:53:18.700Z] HIDDEN on right. newX=1780, bounds={"x":1780,"y":314,"width":400,"height":600}, cursor={"x":1919,"y":755}
[2026-07-29T15:15:17.698Z] HIDDEN on right. newX=1780, bounds={"x":1780,"y":212,"width":400,"height":600}, cursor={"x":1919,"y":632}
[2026-07-29T17:23:59.694Z] HIDDEN on right. newX=1780, bounds={"x":1780,"y":73,"width":400,"height":600}, cursor={"x":1919,"y":530}
[2026-07-29T17:37:49.488Z] HIDDEN on right. newX=1780, bounds={"x":1780,"y":156,"width":400,"height":600}, cursor={"x":1919,"y":582}
[2026-07-29T17:37:52.013Z] HIDDEN on right. newX=1780, bounds={"x":1780,"y":94,"width":400,"height":600}, cursor={"x":1919,"y":569}
[2026-07-29T18:10:10.024Z] HIDDEN on right. newX=1780, bounds={"x":1780,"y":148,"width":400,"height":600}, cursor={"x":1919,"y":617}
[2026-07-29T18:10:13.337Z] HIDDEN on left. newX=-260, bounds={"x":-260,"y":60,"width":400,"height":600}, cursor={"x":0,"y":550}
[2026-07-29T18:10:15.964Z] HIDDEN on right. newX=1780, bounds={"x":1780,"y":215,"width":400,"height":600}, cursor={"x":1919,"y":714}
[2026-07-29T18:10:18.203Z] HIDDEN on left. newX=-260, bounds={"x":-260,"y":78,"width":400,"height":600}, cursor={"x":0,"y":556}
[2026-07-29T18:10:19.589Z] HIDDEN on left. newX=-260, bounds={"x":-260,"y":23,"width":400,"height":600}, cursor={"x":53,"y":518}
[2026-07-29T18:10:28.773Z] HIDDEN on left. newX=-260, bounds={"x":-260,"y":47,"width":400,"height":600}, cursor={"x":0,"y":536}
[2026-07-29T18:10:33.310Z] HIDDEN on right. newX=1780, bounds={"x":1780,"y":78,"width":400,"height":600}, cursor={"x":1919,"y":542}
[2026-07-29T18:10:45.147Z] HIDDEN on right. newX=1780, bounds={"x":1780,"y":99,"width":400,"height":600}, cursor={"x":1919,"y":561}
[2026-07-29T18:14:41.410Z] HIDDEN on right. newX=1780, bounds={"x":1780,"y":84,"width":400,"height":600}, cursor={"x":1919,"y":530}
[2026-07-29T18:14:43.760Z] HIDDEN on left. newX=-260, bounds={"x":-260,"y":35,"width":400,"height":600}, cursor={"x":0,"y":529}
[2026-07-29T18:14:46.726Z] HIDDEN on left. newX=-260, bounds={"x":-260,"y":-61,"width":400,"height":600}, cursor={"x":0,"y":443}
[2026-07-29T18:25:16.369Z] HIDDEN on left. newX=-260, bounds={"x":-260,"y":-61,"width":400,"height":600}, cursor={"x":0,"y":442}
[2026-07-30T12:13:23.894Z] HIDDEN on right. newX=1780, bounds={"x":1780,"y":93,"width":400,"height":600}, cursor={"x":1919,"y":504}
[2026-07-30T18:27:59.912Z] HIDDEN on right. newX=1780, bounds={"x":1780,"y":-21,"width":400,"height":600}, cursor={"x":1919,"y":438}
[2026-07-30T19:48:04.039Z] HIDDEN on right. newX=1780, bounds={"x":1780,"y":135,"width":400,"height":600}, cursor={"x":1919,"y":573}
[2026-07-30T19:58:18.539Z] HIDDEN on right. newX=1780, bounds={"x":1780,"y":135,"width":400,"height":600}, cursor={"x":1782,"y":463}
[2026-07-30T19:58:22.062Z] HIDDEN on right. newX=1780, bounds={"x":1780,"y":54,"width":400,"height":600}, cursor={"x":1919,"y":463}
[2026-07-31T07:39:26.964Z] HIDDEN on right. newX=1780, bounds={"x":1780,"y":45,"width":400,"height":600}, cursor={"x":1919,"y":476}
[2026-07-31T09:15:31.213Z] HIDDEN on right. newX=1780, bounds={"x":1780,"y":111,"width":400,"height":600}, cursor={"x":1919,"y":590}
[2026-07-31T11:28:24.121Z] HIDDEN on right. newX=1780, bounds={"x":1780,"y":109,"width":400,"height":600}, cursor={"x":1919,"y":547}
[2026-07-31T14:05:25.873Z] HIDDEN on right. newX=1780, bounds={"x":1780,"y":73,"width":400,"height":600}, cursor={"x":1919,"y":493}
[2026-07-31T14:56:02.875Z] HIDDEN on right. newX=1780, bounds={"x":1780,"y":73,"width":400,"height":600}, cursor={"x":1906,"y":517}
[2026-07-31T15:58:18.741Z] HIDDEN on right. newX=1780, bounds={"x":1780,"y":72,"width":400,"height":600}, cursor={"x":1919,"y":574}
[2026-07-31T16:02:49.608Z] HIDDEN on right. newX=1780, bounds={"x":1780,"y":-162,"width":400,"height":600}, cursor={"x":1919,"y":277}
[2026-07-31T18:53:27.871Z] HIDDEN on right. newX=1780, bounds={"x":1780,"y":136,"width":400,"height":600}, cursor={"x":1919,"y":544}
[2026-08-01T04:53:10.475Z] HIDDEN on right. newX=1780, bounds={"x":1780,"y":-12,"width":400,"height":600}, cursor={"x":1919,"y":479}
[2026-08-01T07:27:38.268Z] HIDDEN on right. newX=1780, bounds={"x":1780,"y":3,"width":400,"height":600}, cursor={"x":1919,"y":458}
[2026-08-01T08:39:12.958Z] HIDDEN on right. newX=1780, bounds={"x":1780,"y":12,"width":400,"height":600}, cursor={"x":1919,"y":512}
[2026-08-01T08:39:15.664Z] HIDDEN on left. newX=-260, bounds={"x":-260,"y":71,"width":400,"height":600}, cursor={"x":0,"y":544}
[2026-08-01T08:39:17.908Z] HIDDEN on right. newX=1780, bounds={"x":1780,"y":119,"width":400,"height":600}, cursor={"x":1919,"y":590}
[2026-08-01T08:39:20.229Z] HIDDEN on left. newX=-260, bounds={"x":-260,"y":117,"width":400,"height":600}, cursor={"x":0,"y":570}
[2026-08-01T08:39:22.563Z] HIDDEN on right. newX=1780, bounds={"x":1780,"y":112,"width":400,"height":600}, cursor={"x":1919,"y":569}
[2026-08-01T09:12:45.255Z] HIDDEN on right. newX=1780, bounds={"x":1780,"y":127,"width":400,"height":600}, cursor={"x":1919,"y":580}
[2026-08-01T09:40:26.626Z] HIDDEN on right. newX=1780, bounds={"x":1780,"y":-57,"width":400,"height":600}, cursor={"x":1919,"y":385}
[2026-08-01T15:51:37.547Z] HIDDEN on right. newX=1780, bounds={"x":1780,"y":202,"width":400,"height":600}, cursor={"x":1919,"y":656}
[2026-08-01T15:51:57.178Z] HIDDEN on right. newX=1780, bounds={"x":1780,"y":202,"width":400,"height":600}, cursor={"x":1919,"y":696}
[2026-08-01T15:51:57.737Z] HIDDEN on right. newX=1780, bounds={"x":1780,"y":202,"width":400,"height":600}, cursor={"x":1919,"y":696}
[2026-08-01T15:54:26.367Z] HIDDEN on right. newX=1780, bounds={"x":1780,"y":156,"width":400,"height":600}, cursor={"x":1919,"y":636}
[2026-08-01T17:48:53.722Z] HIDDEN on right. newX=1780, bounds={"x":1780,"y":156,"width":400,"height":600}, cursor={"x":1919,"y":680}
[2026-08-01T17:49:14.428Z] HIDDEN on right. newX=1780, bounds={"x":1780,"y":160,"width":400,"height":600}, cursor={"x":1919,"y":631}
[2026-08-01T18:45:19.273Z] HIDDEN on right. newX=1780, bounds={"x":1780,"y":-132,"width":400,"height":600}, cursor={"x":1919,"y":288}
[2026-08-01T22:24:46.704Z] HIDDEN on right. newX=1780, bounds={"x":1780,"y":-67,"width":400,"height":600}, cursor={"x":1919,"y":376}
[2026-08-02T10:31:28.249Z] HIDDEN on right. newX=1780, bounds={"x":1780,"y":72,"width":400,"height":600}, cursor={"x":1919,"y":499}
[2026-08-02T11:13:13.554Z] HIDDEN on right. newX=1780, bounds={"x":1780,"y":72,"width":400,"height":600}, cursor={"x":1797,"y":469}
[2026-08-02T11:13:14.591Z] HIDDEN on right. newX=1780, bounds={"x":1780,"y":239,"width":400,"height":600}, cursor={"x":1788,"y":664}
[2026-08-02T12:12:37.579Z] HIDDEN on right. newX=1780, bounds={"x":1780,"y":239,"width":400,"height":600}, cursor={"x":1899,"y":745}
[2026-08-02T12:13:02.316Z] HIDDEN on right. newX=1780, bounds={"x":1780,"y":58,"width":400,"height":600}, cursor={"x":1919,"y":464}
[2026-08-02T12:48:00.622Z] HIDDEN on right. newX=1780, bounds={"x":1780,"y":239,"width":400,"height":600}, cursor={"x":1919,"y":715}
[2026-08-02T16:28:04.642Z] HIDDEN on right. newX=1780, bounds={"x":1780,"y":-91,"width":400,"height":600}, cursor={"x":1919,"y":384}
[2026-08-02T17:06:38.403Z] HIDDEN on right. newX=1780, bounds={"x":1780,"y":-152,"width":400,"height":600}, cursor={"x":1919,"y":284}
[2026-08-02T17:06:50.779Z] HIDDEN on left. newX=-260, bounds={"x":-260,"y":-23,"width":400,"height":600}, cursor={"x":0,"y":422}
[2026-08-02T17:06:53.346Z] HIDDEN on right. newX=1780, bounds={"x":1780,"y":-151,"width":400,"height":600}, cursor={"x":1919,"y":301}
[2026-08-02T17:15:55.390Z] HIDDEN on right. newX=1780, bounds={"x":1780,"y":80,"width":400,"height":600}, cursor={"x":1919,"y":525}
[2026-08-02T20:25:56.940Z] HIDDEN on right. newX=1780, bounds={"x":1780,"y":-162,"width":400,"height":600}, cursor={"x":1919,"y":254}
[2026-08-02T20:26:07.897Z] HIDDEN on right. newX=1780, bounds={"x":1780,"y":-468,"width":400,"height":600}, cursor={"x":1403,"y":14}
[2026-08-02T20:26:10.011Z] HIDDEN on right. newX=1780, bounds={"x":1780,"y":69,"width":400,"height":600}, cursor={"x":1919,"y":570}
[2026-08-02T20:26:12.948Z] HIDDEN on left. newX=-260, bounds={"x":-260,"y":-52,"width":400,"height":600}, cursor={"x":22,"y":426}
[2026-08-03T11:46:52.463Z] HIDDEN on right. newX=1780, bounds={"x":1780,"y":-65,"width":400,"height":600}, cursor={"x":1919,"y":332}
[2026-08-03T13:09:04.124Z] HIDDEN on right. newX=1780, bounds={"x":1780,"y":27,"width":400,"height":600}, cursor={"x":1919,"y":416}
[2026-08-03T16:33:41.358Z] HIDDEN on right. newX=1780, bounds={"x":1780,"y":113,"width":400,"height":600}, cursor={"x":1919,"y":543}
[2026-08-03T16:37:13.079Z] HIDDEN on right. newX=1780, bounds={"x":1780,"y":63,"width":400,"height":600}, cursor={"x":1919,"y":488}
[2026-08-03T18:10:31.630Z] HIDDEN on right. newX=1780, bounds={"x":1780,"y":-214,"width":400,"height":600}, cursor={"x":1919,"y":264}
[2026-08-03T18:13:37.172Z] HIDDEN on right. newX=1780, bounds={"x":1780,"y":-214,"width":400,"height":600}, cursor={"x":1817,"y":327}
[2026-08-03T18:13:38.225Z] HIDDEN on right. newX=1780, bounds={"x":1780,"y":159,"width":400,"height":600}, cursor={"x":1751,"y":647}
[2026-08-03T20:46:02.421Z] HIDDEN on right. newX=1780, bounds={"x":1780,"y":-236,"width":400,"height":600}, cursor={"x":1919,"y":234}
[2026-08-03T21:53:45.249Z] HIDDEN on right. newX=1780, bounds={"x":1780,"y":46,"width":400,"height":600}, cursor={"x":1919,"y":540}
[2026-08-03T22:49:37.880Z] HIDDEN on right. newX=1780, bounds={"x":1780,"y":-87,"width":400,"height":600}, cursor={"x":1919,"y":364}
[2026-08-04T01:22:57.605Z] HIDDEN on right. newX=1780, bounds={"x":1780,"y":-217,"width":400,"height":600}, cursor={"x":1919,"y":243}
[2026-08-04T03:12:29.682Z] HIDDEN on right. newX=1780, bounds={"x":1780,"y":-96,"width":400,"height":600}, cursor={"x":1919,"y":358}
[2026-08-04T11:58:16.154Z] HIDDEN on right. newX=1780, bounds={"x":1780,"y":-164,"width":400,"height":600}, cursor={"x":1919,"y":267}
[2026-08-04T14:10:25.458Z] HIDDEN on left. newX=-260, bounds={"x":-260,"y":28,"width":400,"height":600}, cursor={"x":0,"y":526}
[2026-08-04T15:02:26.406Z] HIDDEN on left. newX=-260, bounds={"x":-260,"y":19,"width":400,"height":600}, cursor={"x":0,"y":462}
[2026-08-04T15:43:57.269Z] HIDDEN on left. newX=-260, bounds={"x":-260,"y":286,"width":400,"height":600}, cursor={"x":132,"y":730}
[2026-08-04T15:48:01.664Z] HIDDEN on left. newX=-260, bounds={"x":-260,"y":88,"width":400,"height":600}, cursor={"x":61,"y":516}
[2026-08-04T15:48:20.770Z] HIDDEN on left. newX=-260, bounds={"x":-260,"y":88,"width":400,"height":600}, cursor={"x":97,"y":392}
[2026-08-04T15:48:22.055Z] HIDDEN on left. newX=-260, bounds={"x":-260,"y":291,"width":400,"height":600}, cursor={"x":46,"y":724}
[2026-08-04T15:52:49.390Z] HIDDEN on left. newX=-260, bounds={"x":-260,"y":291,"width":400,"height":600}, cursor={"x":1,"y":805}
[2026-08-04T15:53:20.857Z] HIDDEN on right. newX=1780, bounds={"x":1780,"y":-90,"width":400,"height":600}, cursor={"x":1919,"y":338}
[2026-08-04T20:24:18.298Z] HIDDEN on right. newX=1780, bounds={"x":1780,"y":-71,"width":400,"height":600}, cursor={"x":1919,"y":337}
[2026-08-04T22:11:26.614Z] HIDDEN on right. newX=1780, bounds={"x":1780,"y":367,"width":400,"height":600}, cursor={"x":1919,"y":861}
[2026-08-04T22:16:05.600Z] HIDDEN on right. newX=1780, bounds={"x":1780,"y":-153,"width":400,"height":600}, cursor={"x":1868,"y":336}
[2026-08-04T23:11:14.557Z] HIDDEN on right. newX=1780, bounds={"x":1780,"y":-92,"width":400,"height":600}, cursor={"x":1919,"y":323}
[2026-08-04T23:11:17.796Z] HIDDEN on right. newX=1780, bounds={"x":1780,"y":-518,"width":400,"height":600}, cursor={"x":1087,"y":0}
[2026-08-04T23:11:20.395Z] HIDDEN on left. newX=-260, bounds={"x":-260,"y":-37,"width":400,"height":600}, cursor={"x":0,"y":448}
[2026-08-04T23:11:21.711Z] HIDDEN on left. newX=-260, bounds={"x":-260,"y":181,"width":400,"height":600}, cursor={"x":0,"y":666}
[2026-08-04T23:11:23.479Z] HIDDEN on right. newX=1780, bounds={"x":1780,"y":22,"width":400,"height":600}, cursor={"x":1919,"y":486}
[2026-08-05T08:36:56.337Z] HIDDEN on right. newX=1780, bounds={"x":1780,"y":-154,"width":400,"height":600}, cursor={"x":1919,"y":254}
[2026-08-05T08:38:08.676Z] HIDDEN on right. newX=1780, bounds={"x":1780,"y":12,"width":400,"height":600}, cursor={"x":1919,"y":408}
[2026-08-05T10:31:48.388Z] HIDDEN on right. newX=1780, bounds={"x":1780,"y":-62,"width":400,"height":600}, cursor={"x":1919,"y":361}
[2026-08-05T11:41:49.868Z] HIDDEN on right. newX=1780, bounds={"x":1780,"y":374,"width":400,"height":600}, cursor={"x":1919,"y":821}
[2026-08-05T12:50:08.901Z] HIDDEN on right. newX=1780, bounds={"x":1780,"y":-44,"width":400,"height":600}, cursor={"x":1919,"y":392}
[2026-08-05T14:22:46.609Z] HIDDEN on right. newX=1780, bounds={"x":1780,"y":-21,"width":400,"height":600}, cursor={"x":1919,"y":421}
[2026-08-05T16:43:27.646Z] HIDDEN on right. newX=1780, bounds={"x":1780,"y":-21,"width":400,"height":600}, cursor={"x":1919,"y":521}
[2026-08-05T16:43:48.926Z] HIDDEN on right. newX=1780, bounds={"x":1780,"y":8,"width":400,"height":600}, cursor={"x":1916,"y":325}
[2026-08-05T16:43:50.541Z] HIDDEN on right. newX=1780, bounds={"x":1780,"y":34,"width":400,"height":600}, cursor={"x":1919,"y":467}
[2026-08-05T16:46:16.959Z] HIDDEN on right. newX=1780, bounds={"x":1780,"y":70,"width":400,"height":600}, cursor={"x":1919,"y":494}
[2026-08-06T06:07:58.724Z] HIDDEN on right. newX=1780, bounds={"x":1780,"y":65,"width":400,"height":600}, cursor={"x":1919,"y":484}
[2026-08-06T10:28:46.924Z] HIDDEN on right. newX=1780, bounds={"x":1780,"y":0,"width":400,"height":600}, cursor={"x":1919,"y":459}
[2026-08-06T12:56:33.829Z] HIDDEN on right. newX=1780, bounds={"x":1780,"y":20,"width":400,"height":600}, cursor={"x":1919,"y":426}
[2026-08-06T13:00:01.776Z] HIDDEN on right. newX=1780, bounds={"x":1780,"y":24,"width":400,"height":600}, cursor={"x":1919,"y":441}
[2026-08-06T13:00:05.747Z] HIDDEN on right. newX=1780, bounds={"x":1780,"y":-508,"width":400,"height":600}, cursor={"x":1066,"y":0}
[2026-08-06T13:08:18.018Z] HIDDEN on right. newX=1780, bounds={"x":1780,"y":-206,"width":400,"height":600}, cursor={"x":1919,"y":220}
[2026-08-06T13:08:21.565Z] HIDDEN on right. newX=1780, bounds={"x":1780,"y":97,"width":400,"height":600}, cursor={"x":1919,"y":597}
[2026-08-06T16:41:44.824Z] HIDDEN on right. newX=1780, bounds={"x":1780,"y":122,"width":400,"height":600}, cursor={"x":1919,"y":553}
[2026-08-06T16:41:46.542Z] HIDDEN on left. newX=-260, bounds={"x":-260,"y":81,"width":400,"height":600}, cursor={"x":0,"y":531}
[2026-08-06T17:04:44.678Z] HIDDEN on right. newX=1780, bounds={"x":1780,"y":-22,"width":400,"height":600}, cursor={"x":1919,"y":411}
[2026-08-06T17:05:52.545Z] HIDDEN on left. newX=-260, bounds={"x":-260,"y":146,"width":400,"height":600}, cursor={"x":52,"y":545}
[2026-08-06T18:00:17.315Z] HIDDEN on right. newX=1780, bounds={"x":1780,"y":51,"width":400,"height":600}, cursor={"x":1919,"y":484}
[2026-08-07T06:49:09.417Z] HIDDEN on right. newX=1780, bounds={"x":1780,"y":102,"width":400,"height":600}, cursor={"x":1919,"y":526}
[2026-08-07T15:29:34.569Z] HIDDEN on right. newX=1780, bounds={"x":1780,"y":-128,"width":400,"height":600}, cursor={"x":1919,"y":338}
[2026-08-07T22:57:50.250Z] HIDDEN on right. newX=1780, bounds={"x":1780,"y":126,"width":400,"height":600}, cursor={"x":1919,"y":551}
[2026-08-07T22:57:56.706Z] HIDDEN on right. newX=1780, bounds={"x":1780,"y":79,"width":400,"height":600}, cursor={"x":1919,"y":550}
[2026-08-07T22:57:59.488Z] HIDDEN on right. newX=1780, bounds={"x":1780,"y":-132,"width":400,"height":600}, cursor={"x":1919,"y":338}
[2026-08-07T22:58:01.799Z] HIDDEN on left. newX=-260, bounds={"x":-260,"y":33,"width":400,"height":600}, cursor={"x":0,"y":511}
[2026-08-07T22:58:05.034Z] HIDDEN on right. newX=1780, bounds={"x":1780,"y":52,"width":400,"height":600}, cursor={"x":1919,"y":528}
[2026-08-07T22:58:08.936Z] HIDDEN on right. newX=1780, bounds={"x":1780,"y":54,"width":400,"height":600}, cursor={"x":1919,"y":531}
[2026-08-07T23:08:15.090Z] HIDDEN on right. newX=1680, bounds={"x":1680,"y":-34,"width":400,"height":600}, cursor={"x":1919,"y":434}
[2026-08-07T23:08:17.875Z] HIDDEN on right. newX=1680, bounds={"x":1680,"y":-93,"width":400,"height":600}, cursor={"x":1919,"y":385}
[2026-08-07T23:15:27.063Z] HIDDEN on right. newX=1680, bounds={"x":1680,"y":-28,"width":400,"height":600}, cursor={"x":1919,"y":425}
[2026-08-07T23:15:28.810Z] HIDDEN on right. newX=1680, bounds={"x":1680,"y":-50,"width":400,"height":600}, cursor={"x":1919,"y":404}
[2026-08-08T11:11:06.483Z] HIDDEN on right. newX=1680, bounds={"x":1680,"y":175,"width":400,"height":600}, cursor={"x":1919,"y":658}
[2026-08-08T11:12:12.037Z] HIDDEN on right. newX=1680, bounds={"x":1680,"y":98,"width":400,"height":600}, cursor={"x":1919,"y":529}
[2026-08-08T12:25:37.741Z] HIDDEN on right. newX=1680, bounds={"x":1680,"y":98,"width":400,"height":600}, cursor={"x":1789,"y":447}
[2026-08-08T12:25:38.766Z] HIDDEN on right. newX=1680, bounds={"x":1680,"y":293,"width":400,"height":600}, cursor={"x":1919,"y":725}
[2026-08-08T13:03:18.008Z] HIDDEN on right. newX=1680, bounds={"x":1680,"y":-110,"width":400,"height":600}, cursor={"x":1919,"y":323}
[2026-08-08T16:32:54.675Z] HIDDEN on right. newX=1680, bounds={"x":1680,"y":-67,"width":400,"height":600}, cursor={"x":1919,"y":377}
[2026-08-08T19:11:46.199Z] HIDDEN on right. newX=1680, bounds={"x":1680,"y":-67,"width":400,"height":600}, cursor={"x":1750,"y":274}
[2026-08-08T21:24:28.208Z] HIDDEN on right. newX=1680, bounds={"x":1680,"y":-137,"width":400,"height":600}, cursor={"x":1919,"y":287}
[2026-08-08T21:24:31.748Z] HIDDEN on right. newX=1680, bounds={"x":1680,"y":-137,"width":400,"height":600}, cursor={"x":1887,"y":290}
[2026-08-08T21:24:34.409Z] HIDDEN on left. newX=-160, bounds={"x":-160,"y":-10,"width":400,"height":600}, cursor={"x":0,"y":405}
[2026-08-08T21:24:37.935Z] HIDDEN on right. newX=1680, bounds={"x":1680,"y":-61,"width":400,"height":600}, cursor={"x":1919,"y":364}
[2026-08-09T00:55:57.955Z] HIDDEN on right. newX=1680, bounds={"x":1680,"y":-97,"width":400,"height":600}, cursor={"x":1919,"y":311}
[2026-08-09T00:57:06.101Z] HIDDEN on right. newX=1680, bounds={"x":1680,"y":-62,"width":400,"height":600}, cursor={"x":1919,"y":367}
[2026-08-09T03:34:20.801Z] HIDDEN on right. newX=1680, bounds={"x":1680,"y":228,"width":400,"height":600}, cursor={"x":1919,"y":648}
[2026-08-09T15:45:41.564Z] HIDDEN on right. newX=1680, bounds={"x":1680,"y":34,"width":400,"height":600}, cursor={"x":1919,"y":548}
[2026-08-09T15:45:45.920Z] HIDDEN on right. newX=1680, bounds={"x":1680,"y":-18,"width":400,"height":600}, cursor={"x":1919,"y":391}
[2026-08-09T16:09:27.013Z] HIDDEN on right. newX=1680, bounds={"x":1680,"y":-18,"width":400,"height":600}, cursor={"x":1894,"y":457}
